C:\Users\YASHWANTH M GOWDA\AppData\Roaming\Python\Python312\site-packages\requests\__init__.py:113: RequestsDependencyWarning: urllib3 (2.6.3) or chardet (7.0.1)/charset_normalizer (3.4.4) doesn't match a supported version!
  warnings.warn(
INFO:     Started server process [920]
INFO:     Waiting for application startup.
ERROR:    Traceback (most recent call last):
  File "C:\Users\YASHWANTH M GOWDA\AppData\Roaming\Python\Python312\site-packages\starlette\routing.py", line 738, in lifespan
    async with self.lifespan_context(app) as maybe_state:
  File "C:\Program Files\Python312\Lib\contextlib.py", line 204, in __aenter__
    return await anext(self.gen)
           ^^^^^^^^^^^^^^^^^^^^^
  File "C:\Users\YASHWANTH M GOWDA\OneDrive\Desktop\Smart-Shiksha\backend\app\main.py", line 18, in lifespan
    await init_db()
  File "C:\Users\YASHWANTH M GOWDA\OneDrive\Desktop\Smart-Shiksha\backend\app\database.py", line 38, in init_db
    print("\u2705 MongoDB indexes created")
  File "C:\Program Files\Python312\Lib\encodings\cp1252.py", line 19, in encode
    return codecs.charmap_encode(input,self.errors,encoding_table)[0]
           ^^^^^^^^^^^^^^^^^^^^^^^^^^^^^^^^^^^^^^^^^^^^^^^^^^^^^^^
UnicodeEncodeError: 'charmap' codec can't encode character '\u2705' in position 0: character maps to <undefined>

ERROR:    Application startup failed. Exiting.
